/home/vanwper/projects/neomexicanus_dispersal_genomics/Snakefile:1569: SyntaxWarning: invalid escape sequence '\T'
/home/vanwper/projects/neomexicanus_dispersal_genomics/Snakefile:1580: SyntaxWarning: invalid escape sequence '\T'
Unlocked working directory.
/home/vanwper/projects/neomexicanus_dispersal_genomics/Snakefile:1569: SyntaxWarning: invalid escape sequence '\T'
/home/vanwper/projects/neomexicanus_dispersal_genomics/Snakefile:1580: SyntaxWarning: invalid escape sequence '\T'
Assuming unrestricted shared filesystem usage.
host: m8-17-1
Building DAG of jobs...
Using shell: /usr/local/bin/bash
Provided cores: 8
Rules claiming more threads will be scaled down.
Job stats:
job           count
----------  -------
plot_upset        2
all               1
total             3

Select jobs to execute...
Execute 1 jobs...

[Sat Jul  4 13:26:01 2026]
localrule plot_upset:
    input: /home/vanwper/nobackup/autodelete/neomex/analysis/upset/graft-SNPs.csv
    output: /home/vanwper/nobackup/autodelete/neomex/analysis/upset/graft.upset.pdf
    jobid: 91
    reason: Missing output files: /home/vanwper/nobackup/autodelete/neomex/analysis/upset/graft.upset.pdf
    wildcards: xeng=graft
    resources: tmpdir=/tmp
Activating conda environment: ../../.conda/envs/Rscripts
Select jobs to execute...
Warning message:
Using `size` aesthetic for lines was deprecated in ggplot2 3.4.0.
ℹ Please use `linewidth` instead.
ℹ The deprecated feature was likely used in the ComplexUpset package.
  Please report the issue at
  <https://github.com/krassowski/complex-upset/issues>. 
[Sat Jul  4 13:26:25 2026]
Finished jobid: 91 (Rule: plot_upset)
1 of 3 steps (33%) done
Execute 1 jobs...

[Sat Jul  4 13:26:25 2026]
localrule plot_upset:
    input: /home/vanwper/nobackup/autodelete/neomex/analysis/upset/host-SNPs.csv
    output: /home/vanwper/nobackup/autodelete/neomex/analysis/upset/host.upset.pdf
    jobid: 1
    reason: Missing output files: /home/vanwper/nobackup/autodelete/neomex/analysis/upset/host.upset.pdf
    wildcards: xeng=host
    resources: tmpdir=/tmp
Activating conda environment: ../../.conda/envs/Rscripts
Warning message:
Using `size` aesthetic for lines was deprecated in ggplot2 3.4.0.
ℹ Please use `linewidth` instead.
ℹ The deprecated feature was likely used in the ComplexUpset package.
  Please report the issue at
  <https://github.com/krassowski/complex-upset/issues>. 
[Sat Jul  4 13:26:56 2026]
Finished jobid: 1 (Rule: plot_upset)
2 of 3 steps (67%) done
Select jobs to execute...
Execute 1 jobs...

[Sat Jul  4 13:26:56 2026]
localrule all:
    input: /home/vanwper/nobackup/autodelete/neomex/analysis/upset/host.upset.pdf, /home/vanwper/nobackup/autodelete/neomex/analysis/upset/graft.upset.pdf
    jobid: 0
    reason: Input files updated by another job: /home/vanwper/nobackup/autodelete/neomex/analysis/upset/graft.upset.pdf, /home/vanwper/nobackup/autodelete/neomex/analysis/upset/host.upset.pdf
    resources: tmpdir=/tmp
[Sat Jul  4 13:26:56 2026]
Finished jobid: 0 (Rule: all)
3 of 3 steps (100%) done
Complete log(s): /home/vanwper/projects/neomexicanus_dispersal_genomics/.snakemake/log/2026-07-04T132557.874341.snakemake.log
