IQ-TREE version 3.1.2 for Linux x86 64-bit built May 17 2026
Developed by Bui Quang Minh, Thomas Wong, Nhan Ly-Trong, Huaiyan Ren
Contributed by Lam-Tung Nguyen, Dominik Schrempf, Chris Bielow,
Olga Chernomor, Michael Woodhams, Diep Thi Hoang, Heiko Schmidt

Host:    m8-20-4 (AVX2, FMA3, 125 GB RAM)
Command: iqtree3 -s /home/vanwper/nobackup/autodelete/neomex/analysis/phylogeny/rooted_graft.fasta -m MFP -bb 1000 -bnni -T AUTO --redo -o a_marmoratus -pre /home/vanwper/nobackup/autodelete/neomex/analysis/phylogeny/rooted_graft
Seed:    205799 (Using SPRNG - Scalable Parallel Random Number Generator)
Time:    Fri Jul 24 07:58:31 2026
Kernel:  AVX+FMA - auto-detect threads (8 CPU cores detected)

Reading alignment file /home/vanwper/nobackup/autodelete/neomex/analysis/phylogeny/rooted_graft.fasta ... Fasta format detected
Reading fasta file: done in 0.617717 secs using 80.9% CPU
Alignment most likely contains DNA/RNA sequences
Constructing alignment: done in 3.32509 secs using 60.64% CPU
Alignment has 10 sequences with 3495994 columns, 8398 distinct patterns
44806 parsimony-informative, 3451188 singleton sites, 0 constant sites
              Gap/Ambiguity  Composition  p-value
Analyzing sequences: done in 0.000373125 secs using 94.61% CPU
   1  7888            0.03%    passed     87.97%
   2  7890            0.27%    passed     11.62%
   3  7891            0.18%    passed     97.25%
   4  7892            0.18%    failed      1.37%
   5  7893            0.15%    passed     93.87%
   6  7894            0.20%    failed      1.52%
   7  7895            0.19%    passed     51.69%
   8  7896            0.20%    passed     97.01%
   9  7897            0.20%    passed     95.68%
  10  a_marmoratus    0.00%    failed      0.00%
****  TOTAL           0.16%  3 sequences failed composition chi2 test (p-value<5%; df=3)
NOTE: minimal branch length is reduced to 0.000000028604 for long alignment
Checking for duplicate sequences: done in 0.000470877 secs using 76.45% CPU


Create initial parsimony tree by phylogenetic likelihood library (PLL)... 0.872 seconds
Measuring multi-threading efficiency up to 8 CPU cores
Increase to 10 rounds for branch lengths
15 trees examined
Threads: 1 / Time: 8.108 sec / Speedup: 1.000 / Efficiency: 100% / LogL: -9383890
Threads: 2 / Time: 1.174 sec / Speedup: 6.906 / Efficiency: 345% / LogL: -9383890
Threads: 3 / Time: 0.853 sec / Speedup: 9.504 / Efficiency: 317% / LogL: -9383890
Threads: 4 / Time: 0.692 sec / Speedup: 11.711 / Efficiency: 293% / LogL: -9383890
Threads: 5 / Time: 0.604 sec / Speedup: 13.429 / Efficiency: 269% / LogL: -9383890
Threads: 6 / Time: 0.535 sec / Speedup: 15.147 / Efficiency: 252% / LogL: -9383890
Threads: 7 / Time: 0.475 sec / Speedup: 17.058 / Efficiency: 244% / LogL: -9383890
Threads: 8 / Time: 0.428 sec / Speedup: 18.934 / Efficiency: 237% / LogL: -9383890
Determining AUTO threadcount: done in 12.8738 secs using 207.7% CPU
BEST NUMBER OF THREADS: 8

Perform fast likelihood tree search using GTR+ASC+G model...
Estimate model parameters (epsilon = 5.000)
Perform nearest neighbor interchange...
Estimate model parameters (epsilon = 1.000)
1. Initial log-likelihood: -8440763.361
2. Current log-likelihood: -8440751.378
3. Current log-likelihood: -8440744.076
4. Current log-likelihood: -8440739.001
5. Current log-likelihood: -8440735.360
6. Current log-likelihood: -8440706.429
7. Current log-likelihood: -8440696.805
8. Current log-likelihood: -8440692.051
9. Current log-likelihood: -8440689.172
10. Current log-likelihood: -8440686.789
11. Current log-likelihood: -8440684.452
12. Current log-likelihood: -8440682.348
13. Current log-likelihood: -8440680.182
14. Current log-likelihood: -8440669.892
15. Current log-likelihood: -8440668.223
16. Current log-likelihood: -8440666.546
17. Current log-likelihood: -8440664.778
18. Current log-likelihood: -8440663.471
19. Current log-likelihood: -8440662.119
20. Current log-likelihood: -8440660.731
21. Current log-likelihood: -8440659.373
22. Current log-likelihood: -8440658.119
23. Current log-likelihood: -8440656.940
24. Current log-likelihood: -8440655.869
25. Current log-likelihood: -8440654.869
Optimal log-likelihood: -8440653.402
Rate parameters:  A-C: 1.00555  A-G: 5.05979  A-T: 1.01359  C-G: 0.76514  C-T: 5.08177  G-T: 1.00000
Base frequencies:  A: 0.255  C: 0.246  G: 0.246  T: 0.254
Gamma shape alpha: 1.052
Parameters optimization took 25 rounds (0.474 sec)
Time for fast ML tree search: 1.105 seconds

NOTE: ModelFinder requires 59 MB RAM!
ModelFinder will test up to 968 DNA models (sample size: 3495994 epsilon: 0.100) ...
 No. Model         -LnL         df  AIC          AICc         BIC
  1  JC            10148979.078 17  20297992.157 20297992.157 20298214.298
  2  JC+ASC        9148486.014  17  18297006.028 18297006.028 18297228.169
  3  JC+G4         10148495.143 18  20297026.285 20297026.285 20297261.494
  4  JC+ASC+G4     9147538.575  18  18295113.149 18295113.149 18295348.357
  5  JC+R2         10147312.606 19  20294663.212 20294663.212 20294911.487
  6  JC+R3         10144730.033 21  20289502.066 20289502.066 20289776.475
  7  JC+R4         10144442.292 23  20288930.584 20288930.585 20289231.128
  8  JC+R5         10144417.468 25  20288884.937 20288884.937 20289211.615
+R6 reinitialized from +R5 with factor 0.500
+R6 reinitialized from +R5 with factor 0.250
+R6 reinitialized from +R5 with factor 0.125
+R6 reinitialized from +R5 with factor 0.062
+R6 reinitialized from +R5 with factor 0.031
WARNING: Log-likelihood -1.01444e+07 of JC+R6 worse than JC+R5 -1.01444e+07
  9  JC+R6         10144447.205 27  20288948.411 20288948.411 20289301.223
 14  JC+ASC+R2     9134585.084  19  18269208.169 18269208.169 18269456.444
 15  JC+ASC+R3     9131725.468  21  18263492.935 18263492.935 18263767.345
 16  JC+ASC+R4     9130888.552  23  18261823.104 18261823.105 18262123.648
 17  JC+ASC+R5     9130533.832  25  18261117.664 18261117.665 18261444.343
 18  JC+ASC+R6     9130526.846  27  18261107.692 18261107.692 18261460.504
 24  JC+ASC        9148486.014  17  18297006.028 18297006.028 18297228.169
 26  JC+ASC+G4     9147538.575  18  18295113.150 18295113.150 18295348.358
 30  JC+R5         10144417.470 25  20288884.940 20288884.940 20289211.618
 36  JC+ASC+R2     9134585.084  19  18269208.168 18269208.168 18269456.443
 37  JC+ASC+R3     9131725.468  21  18263492.936 18263492.936 18263767.346
 38  JC+ASC+R4     9130888.552  23  18261823.104 18261823.104 18262123.648
 39  JC+ASC+R5     9130533.832  25  18261117.664 18261117.664 18261444.342
 40  JC+ASC+R6     9130526.846  27  18261107.692 18261107.692 18261460.504
 46  F81+ASC       9148485.871  17  18297005.741 18297005.742 18297227.883
 48  F81+ASC+G4    9147538.384  18  18295112.768 18295112.768 18295347.976
 52  F81+R5        10144446.400 25  20288942.800 20288942.800 20289269.478
 58  F81+ASC+R2    9134585.071  19  18269208.141 18269208.141 18269456.416
 59  F81+ASC+R3    9127172.315  21  18254386.630 18254386.631 18254661.040
 60  F81+ASC+R4    9127110.812  23  18254267.624 18254267.625 18254568.168
+R5 reinitialized from +R4 with factor 0.500
 61  F81+ASC+R5    9127086.072  25  18254222.143 18254222.143 18254548.821
 62  F81+ASC+R6    9127075.102  27  18254204.205 18254204.205 18254557.017
 68  F81+F+ASC     9146988.139  20  18294016.278 18294016.278 18294277.621
 70  F81+F+ASC+G4  9146039.680  21  18292121.359 18292121.359 18292395.769
 74  F81+F+R5      10130609.413 28  20261274.826 20261274.826 20261640.705
 80  F81+F+ASC+R2  9125636.659  22  18251317.317 18251317.317 18251604.794
 81  F81+F+ASC+R3  9125578.617  24  18251205.234 18251205.235 18251518.845
 82  F81+F+ASC+R4  9125552.203  26  18251156.406 18251156.406 18251496.151
+R5 reinitialized from +R4 with factor 0.500
 83  F81+F+ASC+R5  9125538.950  28  18251133.900 18251133.900 18251499.780
 90  K2P+ASC       8446060.379  18  16892156.759 16892156.759 16892391.967
 92  K2P+ASC+G4    8444842.487  19  16889722.975 16889722.975 16889971.250
 96  K2P+R5        9998590.275  26  19997232.550 19997232.551 19997572.296
102  K2P+ASC+R2    8421853.859  20  16843747.717 16843747.718 16844009.060
103  K2P+ASC+R3    8421824.735  22  16843693.469 16843693.470 16843980.946
104  K2P+ASC+R4    8421822.080  24  16843692.159 16843692.160 16844005.770
112  K2P+ASC       8446060.379  18  16892156.758 16892156.758 16892391.966
114  K2P+ASC+G4    8444842.487  19  16889722.974 16889722.974 16889971.249
118  K2P+R5        9998590.275  26  19997232.550 19997232.550 19997572.295
124  K2P+ASC+R2    8421853.859  20  16843747.718 16843747.718 16844009.061
125  K2P+ASC+R3    8421824.735  22  16843693.470 16843693.470 16843980.947
126  K2P+ASC+R4    8421822.080  24  16843692.160 16843692.160 16844005.771
134  HKY+ASC       8446060.402  18  16892156.803 16892156.803 16892392.011
136  HKY+ASC+G4    8444842.365  19  16889722.730 16889722.730 16889971.006
140  HKY+R5        9994919.717  26  19989891.435 19989891.435 19990231.180
146  HKY+ASC+R2    8421853.796  20  16843747.592 16843747.592 16844008.934
147  HKY+ASC+R3    8421823.745  22  16843691.489 16843691.490 16843978.966
148  HKY+ASC+R4    8421821.862  24  16843691.723 16843691.724 16844005.334
156  HKY+F+ASC     8444279.883  21  16888601.766 16888601.767 16888876.176
158  HKY+F+ASC+G4  8443060.512  22  16886165.025 16886165.025 16886452.502
162  HKY+F+R5      9984708.169  29  19969474.338 19969474.338 19969853.285
168  HKY+F+ASC+R2  8420038.766  23  16840123.531 16840123.531 16840424.075
169  HKY+F+ASC+R3  8420008.540  25  16840067.079 16840067.080 16840393.758
170  HKY+F+ASC+R4  8420007.100  27  16840068.201 16840068.201 16840421.013
178  TNe+ASC       8446060.377  19  16892158.754 16892158.754 16892407.029
180  TNe+ASC+G4    8444842.934  20  16889725.868 16889725.869 16889987.211
184  TNe+R5        9986036.418  27  19972126.835 19972126.836 19972479.648
190  TNe+ASC+R2    8421853.259  21  16843748.519 16843748.519 16844022.928
191  TNe+ASC+R3    8421822.467  23  16843690.934 16843690.934 16843991.478
192  TNe+ASC+R4    8421821.740  25  16843693.480 16843693.480 16844020.158
200  TNe+ASC       8446060.377  19  16892158.754 16892158.754 16892407.029
202  TNe+ASC+G4    8444842.934  20  16889725.868 16889725.868 16889987.211
206  TNe+R5        9986036.418  27  19972126.836 19972126.836 19972479.648
212  TNe+ASC+R2    8421853.259  21  16843748.518 16843748.518 16844022.928
213  TNe+ASC+R3    8421822.467  23  16843690.934 16843690.934 16843991.478
214  TNe+ASC+R4    8421821.740  25  16843693.480 16843693.480 16844020.158
222  TN+ASC        8446060.391  19  16892158.781 16892158.782 16892407.057
224  TN+ASC+G4     8444843.090  20  16889726.179 16889726.179 16889987.522
228  TN+R5         9985871.865  27  19971797.729 19971797.730 19972150.542
234  TN+ASC+R2     8421853.231  21  16843748.462 16843748.462 16844022.872
235  TN+ASC+R3     8421822.134  23  16843690.267 16843690.268 16843990.811
236  TN+ASC+R4     8421821.700  25  16843693.399 16843693.400 16844020.077
244  TN+F+ASC      8444277.680  22  16888599.359 16888599.359 16888886.836
246  TN+F+ASC+G4   8443058.941  23  16886163.881 16886163.882 16886464.425
250  TN+F+R5       9984610.258  30  19969280.516 19969280.516 19969672.530
256  TN+F+ASC+R2   8420036.318  24  16840120.636 16840120.637 16840434.247
257  TN+F+ASC+R3   8420005.374  26  16840062.749 16840062.749 16840402.494
258  TN+F+ASC+R4   8420005.034  28  16840066.068 16840066.069 16840431.948
266  K3P+ASC       8445660.614  19  16891359.228 16891359.228 16891607.503
268  K3P+ASC+G4    8444438.672  20  16888917.344 16888917.344 16889178.687
272  K3P+R5        9991792.265  27  19983638.530 19983638.530 19983991.342
278  K3P+ASC+R2    8421415.433  21  16842872.865 16842872.866 16843147.275
279  K3P+ASC+R3    8421381.930  23  16842809.859 16842809.860 16843110.403
280  K3P+ASC+R4    8421381.766  25  16842813.533 16842813.533 16843140.211
288  K3P+ASC       8445660.614  19  16891359.228 16891359.228 16891607.503
290  K3P+ASC+G4    8444438.672  20  16888917.344 16888917.344 16889178.687
294  K3P+R5        9991792.265  27  19983638.530 19983638.530 19983991.342
300  K3P+ASC+R2    8421415.433  21  16842872.866 16842872.866 16843147.276
301  K3P+ASC+R3    8421381.930  23  16842809.860 16842809.860 16843110.404
302  K3P+ASC+R4    8421381.766  25  16842813.532 16842813.532 16843140.210
310  K3Pu+ASC      8445660.646  19  16891359.293 16891359.293 16891607.568
312  K3Pu+ASC+G4   8444438.890  20  16888917.781 16888917.781 16889179.123
316  K3Pu+R5       9989788.541  27  19979631.081 19979631.082 19979983.894
322  K3Pu+ASC+R2   8421415.507  21  16842873.014 16842873.014 16843147.424
323  K3Pu+ASC+R3   8421382.187  23  16842810.375 16842810.375 16843110.919
324  K3Pu+ASC+R4   8421381.948  25  16842813.896 16842813.897 16843140.575
332  K3Pu+F+ASC    8443885.980  22  16887815.959 16887815.960 16888103.436
334  K3Pu+F+ASC+G4 8442663.264  23  16885372.527 16885372.527 16885673.071
338  K3Pu+F+R5     9987276.836  30  19974613.672 19974613.673 19975005.686
344  K3Pu+F+ASC+R2 8419598.560  24  16839245.119 16839245.120 16839558.730
345  K3Pu+F+ASC+R3 8419565.725  26  16839183.451 16839183.451 16839523.196
346  K3Pu+F+ASC+R4 8419565.360  28  16839186.721 16839186.721 16839552.600
354  TPM2+ASC      8444050.250  19  16888138.500 16888138.500 16888386.775
356  TPM2+ASC+G4   8442843.316  20  16885726.633 16885726.633 16885987.975
360  TPM2+R5       9990812.480  27  19981678.959 19981678.960 19982031.772
366  TPM2+ASC+R2   8419967.412  21  16839976.823 16839976.824 16840251.233
367  TPM2+ASC+R3   8419942.999  23  16839931.998 16839931.999 16840232.542
368  TPM2+ASC+R4   8419942.653  25  16839935.306 16839935.307 16840261.985
376  TPM2+ASC      8444050.250  19  16888138.500 16888138.500 16888386.775
378  TPM2+ASC+G4   8442843.316  20  16885726.632 16885726.632 16885987.975
382  TPM2+R5       9990812.480  27  19981678.960 19981678.960 19982031.772
388  TPM2+ASC+R2   8419967.412  21  16839976.824 16839976.824 16840251.234
389  TPM2+ASC+R3   8419942.999  23  16839931.998 16839931.998 16840232.542
390  TPM2+ASC+R4   8419942.653  25  16839935.306 16839935.306 16840261.984
398  TPM2u+ASC     8444050.086  19  16888138.172 16888138.172 16888386.448
400  TPM2u+ASC+G4  8442842.296  20  16885724.592 16885724.592 16885985.934
404  TPM2u+R5      9988810.793  27  19977675.586 19977675.587 19978028.399
410  TPM2u+ASC+R2  8419967.316  21  16839976.633 16839976.633 16840251.043
411  TPM2u+ASC+R3  8419943.012  23  16839932.023 16839932.023 16840232.567
412  TPM2u+ASC+R4  8419942.915  25  16839935.830 16839935.830 16840262.508
420  TPM2u+F+ASC   8443303.948  22  16886651.895 16886651.896 16886939.372
422  TPM2u+F+ASC+G4 8442092.044  23  16884230.089 16884230.089 16884530.633
426  TPM2u+F+R5    9986369.558  30  19972799.116 19972799.116 19973191.129
432  TPM2u+F+ASC+R2 8419152.249  24  16838352.498 16838352.498 16838666.109
433  TPM2u+F+ASC+R3 8419126.448  26  16838304.896 16838304.896 16838644.641
434  TPM2u+F+ASC+R4 8419126.130  28  16838308.259 16838308.260 16838674.139
442  TPM3+ASC      8444268.800  19  16888575.599 16888575.599 16888823.875
444  TPM3+ASC+G4   8443060.817  20  16886161.635 16886161.635 16886422.977
448  TPM3+R5       9990934.247  27  19981922.494 19981922.494 19982275.306
454  TPM3+ASC+R2   8420172.138  21  16840386.276 16840386.277 16840660.686
455  TPM3+ASC+R3   8420148.768  23  16840343.537 16840343.537 16840644.081
456  TPM3+ASC+R4   8420148.835  25  16840347.670 16840347.670 16840674.348
464  TPM3+ASC      8444268.800  19  16888575.600 16888575.600 16888823.875
466  TPM3+ASC+G4   8443060.817  20  16886161.634 16886161.634 16886422.977
470  TPM3+R5       9990934.247  27  19981922.494 19981922.494 19982275.306
476  TPM3+ASC+R2   8420172.138  21  16840386.276 16840386.276 16840660.686
477  TPM3+ASC+R3   8420148.768  23  16840343.536 16840343.536 16840644.080
478  TPM3+ASC+R4   8420148.835  25  16840347.670 16840347.670 16840674.348
486  TPM3u+ASC     8444268.803  19  16888575.605 16888575.605 16888823.880
488  TPM3u+ASC+G4  8443060.822  20  16886161.644 16886161.644 16886422.987
492  TPM3u+R5      9988928.949  27  19977911.897 19977911.898 19978264.710
498  TPM3u+ASC+R2  8420172.111  21  16840386.221 16840386.222 16840660.631
499  TPM3u+ASC+R3  8420148.943  23  16840343.886 16840343.886 16840644.430
500  TPM3u+ASC+R4  8420148.991  25  16840347.982 16840347.982 16840674.660
508  TPM3u+F+ASC   8443353.027  22  16886750.054 16886750.054 16887037.530
510  TPM3u+F+ASC+G4 8442140.356  23  16884326.711 16884326.711 16884627.255
514  TPM3u+F+R5    9986472.781  30  19973005.563 19973005.563 19973397.577
520  TPM3u+F+ASC+R2 8419192.617  24  16838433.235 16838433.235 16838746.846
521  TPM3u+F+ASC+R3 8419167.690  26  16838387.379 16838387.380 16838727.124
522  TPM3u+F+ASC+R4 8419167.421  28  16838390.841 16838390.842 16838756.721
530  TIMe+ASC      8445660.948  20  16891361.896 16891361.897 16891623.239
532  TIMe+ASC+G4   8444440.873  21  16888923.746 16888923.747 16889198.156
536  TIMe+R5       9987666.200  28  19975388.400 19975388.401 19975754.280
542  TIMe+ASC+R2   8421415.824  22  16842875.648 16842875.648 16843163.124
543  TIMe+ASC+R3   8421384.303  24  16842816.606 16842816.606 16843130.217
544  TIMe+ASC+R4   8421383.501  26  16842819.003 16842819.003 16843158.748
552  TIMe+ASC      8445660.948  20  16891361.896 16891361.896 16891623.239
554  TIMe+ASC+G4   8444440.873  21  16888923.746 16888923.746 16889198.156
558  TIMe+R5       9987666.200  28  19975388.400 19975388.400 19975754.280
564  TIMe+ASC+R2   8421415.824  22  16842875.648 16842875.648 16843163.125
565  TIMe+ASC+R3   8421384.303  24  16842816.606 16842816.606 16843130.217
566  TIMe+ASC+R4   8421383.501  26  16842819.002 16842819.002 16843158.747
574  TIM+ASC       8445661.032  20  16891362.064 16891362.064 16891623.407
576  TIM+ASC+G4    8444440.831  21  16888923.662 16888923.662 16889198.071
580  TIM+R5        9985779.847  28  19971615.694 19971615.694 19971981.574
586  TIM+ASC+R2    8421415.598  22  16842875.196 16842875.196 16843162.672
587  TIM+ASC+R3    8421383.789  24  16842815.578 16842815.578 16843129.189
588  TIM+ASC+R4    8421383.202  26  16842818.405 16842818.405 16843158.150
596  TIM+F+ASC     8443886.441  23  16887818.881 16887818.882 16888119.425
598  TIM+F+ASC+G4  8442661.269  24  16885370.538 16885370.538 16885684.149
602  TIM+F+R5      9984524.473  31  19969110.946 19969110.946 19969516.027
608  TIM+F+ASC+R2  8419596.800  25  16839243.600 16839243.600 16839570.278
609  TIM+F+ASC+R3  8419564.821  27  16839183.641 16839183.642 16839536.454
610  TIM+F+ASC+R4  8419564.040  29  16839186.080 16839186.080 16839565.027
618  TIM2e+ASC     8444055.472  20  16888150.943 16888150.943 16888412.286
620  TIM2e+ASC+G4  8442845.610  21  16885733.221 16885733.221 16886007.631
624  TIM2e+R5      9984910.433  28  19969876.866 19969876.866 19970242.745
630  TIM2e+ASC+R2  8419967.638  22  16839979.277 16839979.277 16840266.754
631  TIM2e+ASC+R3  8419944.463  24  16839936.926 16839936.927 16840250.537
632  TIM2e+ASC+R4  8419943.811  26  16839939.621 16839939.622 16840279.366
640  TIM2e+ASC     8444055.472  20  16888150.944 16888150.944 16888412.287
642  TIM2e+ASC+G4  8442845.610  21  16885733.220 16885733.220 16886007.630
646  TIM2e+R5      9984910.433  28  19969876.866 19969876.866 19970242.746
652  TIM2e+ASC+R2  8419967.638  22  16839979.276 16839979.276 16840266.753
653  TIM2e+ASC+R3  8419944.463  24  16839936.926 16839936.926 16840250.537
654  TIM2e+ASC+R4  8419943.811  26  16839939.622 16839939.622 16840279.367
662  TIM2+ASC      8444055.121  20  16888150.241 16888150.241 16888411.584
664  TIM2+ASC+G4   8442845.433  21  16885732.866 16885732.866 16886007.275
668  TIM2+R5       9984839.332  28  19969734.665 19969734.665 19970100.544
674  TIM2+ASC+R2   8419967.881  22  16839979.762 16839979.762 16840267.239
675  TIM2+ASC+R3   8419945.773  24  16839939.546 16839939.547 16840253.158
676  TIM2+ASC+R4   8419945.034  26  16839942.068 16839942.069 16840281.813
684  TIM2+F+ASC    8443303.573  23  16886653.146 16886653.146 16886953.690
686  TIM2+F+ASC+G4 8442092.236  24  16884232.472 16884232.472 16884546.083
690  TIM2+F+R5     9983649.709  31  19967361.419 19967361.419 19967766.500
696  TIM2+F+ASC+R2 8419150.847  25  16838351.695 16838351.695 16838678.373
697  TIM2+F+ASC+R3 8419126.968  27  16838307.936 16838307.936 16838660.748
698  TIM2+F+ASC+R4 8419125.042  29  16838308.084 16838308.085 16838687.031
706  TIM3e+ASC     8444270.862  20  16888581.725 16888581.725 16888843.067
708  TIM3e+ASC+G4  8443063.008  21  16886168.015 16886168.015 16886442.425
712  TIM3e+R5      9985015.612  28  19970087.223 19970087.224 19970453.103
718  TIM3e+ASC+R2  8420172.125  22  16840388.250 16840388.250 16840675.726
719  TIM3e+ASC+R3  8420151.096  24  16840350.192 16840350.192 16840663.803
720  TIM3e+ASC+R4  8420149.710  26  16840351.421 16840351.421 16840691.166
728  TIM3e+ASC     8444270.862  20  16888581.724 16888581.724 16888843.067
730  TIM3e+ASC+G4  8443063.008  21  16886168.016 16886168.016 16886442.426
734  TIM3e+R5      9985015.612  28  19970087.224 19970087.224 19970453.104
740  TIM3e+ASC+R2  8420172.125  22  16840388.250 16840388.250 16840675.727
741  TIM3e+ASC+R3  8420151.096  24  16840350.192 16840350.192 16840663.803
742  TIM3e+ASC+R4  8420149.710  26  16840351.420 16840351.420 16840691.165
750  TIM3+ASC      8444270.849  20  16888581.698 16888581.698 16888843.040
752  TIM3+ASC+G4   8443062.946  21  16886167.892 16886167.893 16886442.302
756  TIM3+R5       9984940.229  28  19969936.457 19969936.457 19970302.337
762  TIM3+ASC+R2   8420172.535  22  16840389.071 16840389.071 16840676.547
763  TIM3+ASC+R3   8420150.129  24  16840348.259 16840348.259 16840661.870
764  TIM3+ASC+R4   8420149.804  26  16840351.608 16840351.608 16840691.353
772  TIM3+F+ASC    8443351.871  23  16886749.742 16886749.742 16887050.286
774  TIM3+F+ASC+G4 8442138.371  24  16884324.741 16884324.742 16884638.353
778  TIM3+F+R5     9983739.501  31  19967541.002 19967541.003 19967946.083
784  TIM3+F+ASC+R2 8419190.667  25  16838431.334 16838431.334 16838758.012
785  TIM3+F+ASC+R3 8419168.279  27  16838390.557 16838390.558 16838743.370
786  TIM3+F+ASC+R4 8419166.309  29  16838390.619 16838390.619 16838769.565
794  TVMe+ASC      8441732.656  21  16883507.312 16883507.313 16883781.722
796  TVMe+ASC+G4   8440531.866  22  16881107.731 16881107.732 16881395.208
800  TVMe+R5       9984029.379  29  19968116.758 19968116.759 19968495.705
806  TVMe+ASC+R2   8417738.748  23  16835523.495 16835523.496 16835824.039
807  TVMe+ASC+R3   8417721.324  25  16835492.648 16835492.648 16835819.326
808  TVMe+ASC+R4   8417720.989  27  16835495.978 16835495.979 16835848.791
816  TVMe+ASC      8441732.656  21  16883507.312 16883507.312 16883781.722
818  TVMe+ASC+G4   8440531.866  22  16881107.732 16881107.732 16881395.209
822  TVMe+R5       9984029.379  29  19968116.758 19968116.758 19968495.705
828  TVMe+ASC+R2   8417738.748  23  16835523.496 16835523.496 16835824.040
829  TVMe+ASC+R3   8417721.324  25  16835492.648 16835492.648 16835819.326
830  TVMe+ASC+R4   8417720.989  27  16835495.978 16835495.978 16835848.790
838  TVM+ASC       8441732.668  21  16883507.335 16883507.336 16883781.745
840  TVM+ASC+G4    8440531.691  22  16881107.383 16881107.383 16881394.860
844  TVM+R5        9983955.156  29  19967968.312 19967968.313 19968347.259
850  TVM+ASC+R2    8417738.601  23  16835523.201 16835523.202 16835823.745
851  TVM+ASC+R3    8417721.420  25  16835492.839 16835492.840 16835819.518
852  TVM+ASC+R4    8417721.199  27  16835496.399 16835496.399 16835849.211
860  TVM+F+ASC     8441853.332  24  16883754.664 16883754.664 16884068.275
862  TVM+F+ASC+G4  8440644.736  25  16881339.473 16881339.473 16881666.151
866  TVM+F+R5      9982882.149  32  19965828.297 19965828.298 19966246.445
872  TVM+F+ASC+R2  8417760.642  26  16835573.284 16835573.284 16835913.029
873  TVM+F+ASC+R3  8417739.578  28  16835535.156 16835535.156 16835901.035
874  TVM+F+ASC+R4  8417739.139  30  16835538.279 16835538.279 16835930.292
882  SYM+ASC       8441733.701  22  16883511.401 16883511.402 16883798.878
884  SYM+ASC+G4    8440532.736  23  16881111.472 16881111.472 16881412.016
888  SYM+R5        9983898.535  30  19967857.071 19967857.071 19968249.085
894  SYM+ASC+R2    8417739.245  24  16835526.490 16835526.490 16835840.101
895  SYM+ASC+R3    8417722.741  26  16835497.483 16835497.483 16835837.228
896  SYM+ASC+R4    8417721.950  28  16835499.899 16835499.900 16835865.779
904  SYM+ASC       8441733.701  22  16883511.402 16883511.402 16883798.879
906  SYM+ASC+G4    8440532.736  23  16881111.472 16881111.472 16881412.016
910  SYM+R5        9983898.535  30  19967857.070 19967857.071 19968249.084
916  SYM+ASC+R2    8417739.245  24  16835526.490 16835526.490 16835840.101
917  SYM+ASC+R3    8417722.741  26  16835497.482 16835497.482 16835837.227
918  SYM+ASC+R4    8417721.950  28  16835499.900 16835499.900 16835865.780
926  GTR+ASC       8441732.904  22  16883509.809 16883509.809 16883797.285
928  GTR+ASC+G4    8440532.780  23  16881111.560 16881111.560 16881412.104
932  GTR+R5        9983854.957  30  19967769.913 19967769.914 19968161.927
938  GTR+ASC+R2    8417739.103  24  16835526.207 16835526.207 16835839.818
939  GTR+ASC+R3    8417722.727  26  16835497.455 16835497.455 16835837.200
940  GTR+ASC+R4    8417722.287  28  16835500.575 16835500.575 16835866.454
948  GTR+F+ASC     8441851.620  25  16883753.240 16883753.240 16884079.918
950  GTR+F+ASC+G4  8440643.685  26  16881339.370 16881339.371 16881679.116
954  GTR+F+R5      9982817.342  33  19965700.685 19965700.685 19966131.900
960  GTR+F+ASC+R2  8417758.772  27  16835571.544 16835571.545 16835924.357
961  GTR+F+ASC+R3  8417739.295  29  16835536.591 16835536.591 16835915.537
962  GTR+F+ASC+R4  8417738.693  31  16835539.386 16835539.387 16835944.467
Akaike Information Criterion:           TVMe+ASC+R3
Corrected Akaike Information Criterion: TVMe+ASC+R3
Bayesian Information Criterion:         TVMe+ASC+R3
Best-fit model: TVMe+ASC+R3 chosen according to BIC

All model information printed to /home/vanwper/nobackup/autodelete/neomex/analysis/phylogeny/rooted_graft.model.gz
CPU time for ModelFinder: 1572.307 seconds (0h:26m:12s)
Wall-clock time for ModelFinder: 211.517 seconds (0h:3m:31s)
Generating 1000 samples for ultrafast bootstrap (seed: 205799)...

NOTE: 40 MB RAM (0 GB) is required!
Estimate model parameters (epsilon = 0.100)
1. Initial log-likelihood: -8418030.003
2. Current log-likelihood: -8417720.747
3. Current log-likelihood: -8417720.569
Optimal log-likelihood: -8417720.460
Rate parameters:  A-C: 1.00695  A-G: 4.29775  A-T: 1.05882  C-G: 0.78742  C-T: 4.29775  G-T: 1.00000
Base frequencies:  A: 0.250  C: 0.250  G: 0.250  T: 0.250
Site proportion and rates:  (0.499,0.594) (0.499,0.594) (0.001,354.325)
Parameters optimization took 3 rounds (0.060 sec)
Wrote distance file to... 
Computing ML distances based on estimated model parameters...
Calculating distance matrix: done in 0.000605106 secs using 738.1% CPU
Computing ML distances took 0.000949 sec (of wall-clock time) 0.004615 sec (of CPU time)
Setting up auxiliary I and S matrices: done in 6.10352e-05 secs using 753.7% CPU
Constructing RapidNJ tree: done in 0.000292063 secs using 786.8% CPU
Computing RapidNJ tree took 0.000401 sec (of wall-clock time) 0.003167 sec (of CPU time)
Log-likelihood of RapidNJ tree: -8422996.260
--------------------------------------------------------------------
|             INITIALIZING CANDIDATE TREE SET                      |
--------------------------------------------------------------------
Generating 98 parsimony trees... 156.540 second
Computing log-likelihood of 87 initial trees ... 0.360 seconds
Current best score: -8417720.460

Do NNI search on 20 best initial trees
Estimate model parameters (epsilon = 0.100)
BETTER TREE FOUND at iteration 1: -8417720.416
Iteration 10 / LogL: -8419152.047 / Time: 0h:6m:10s
Iteration 20 / LogL: -8418909.021 / Time: 0h:6m:10s
Finish initializing candidate tree set (2)
Current best tree score: -8417720.416 / CPU time: 158.184
Number of iterations: 20
--------------------------------------------------------------------
|               OPTIMIZING CANDIDATE TREE SET                      |
--------------------------------------------------------------------
Estimate model parameters (epsilon = 0.100)
UPDATE BEST LOG-LIKELIHOOD: -8417720.382
Iteration 30 / LogL: -8424188.419 / Time: 0h:6m:11s (0h:6m:31s left)
UPDATE BEST LOG-LIKELIHOOD: -8417720.372
Iteration 40 / LogL: -8417722.866 / Time: 0h:6m:11s (0h:4m:10s left)
UPDATE BEST LOG-LIKELIHOOD: -8417720.370
Iteration 50 / LogL: -8424186.878 / Time: 0h:6m:12s (0h:2m:47s left)
Iteration 60 / LogL: -8417722.338 / Time: 0h:6m:12s (0h:1m:51s left)
UPDATE BEST LOG-LIKELIHOOD: -8417720.370
Iteration 70 / LogL: -8424186.998 / Time: 0h:6m:12s (0h:1m:12s left)
UPDATE BEST LOG-LIKELIHOOD: -8417720.370
UPDATE BEST LOG-LIKELIHOOD: -8417720.370
Iteration 80 / LogL: -8417720.689 / Time: 0h:6m:13s (0h:0m:42s left)
Iteration 90 / LogL: -8424255.593 / Time: 0h:6m:13s (0h:0m:20s left)
Iteration 100 / LogL: -8424191.666 / Time: 0h:6m:13s (0h:0m:1s left)
Refining ufboot trees with NNI 1 branch...
100 samples done
200 samples done
300 samples done
400 samples done
500 samples done
600 samples done
700 samples done
800 samples done
900 samples done
1000 samples done
Total 0 ufboot trees refined
TREE SEARCH COMPLETED AFTER 102 ITERATIONS / Time: 0h:15m:41s

--------------------------------------------------------------------
|                    FINALIZING TREE SEARCH                        |
--------------------------------------------------------------------
Performs final model parameters optimization
Estimate model parameters (epsilon = 0.010)
1. Initial log-likelihood: -8417720.370
Optimal log-likelihood: -8417720.347
Rate parameters:  A-C: 1.00764  A-G: 4.29732  A-T: 1.05963  C-G: 0.78838  C-T: 4.29732  G-T: 1.00000
Base frequencies:  A: 0.250  C: 0.250  G: 0.250  T: 0.250
Site proportion and rates:  (0.499,0.594) (0.499,0.594) (0.001,354.337)
Parameters optimization took 1 rounds (0.021 sec)
BEST SCORE FOUND : -8417720.347
Creating bootstrap support values...
Split supports printed to NEXUS file /home/vanwper/nobackup/autodelete/neomex/analysis/phylogeny/rooted_graft.splits.nex
Total tree length: 0.568

Total number of iterations: 102
CPU time used for tree search: 2359.790 sec (0h:39m:19s)
Wall-clock time used for tree search: 729.165 sec (0h:12m:9s)
Total CPU time used: 3937.024 sec (1h:5m:37s)
Total wall-clock time used: 941.923 sec (0h:15m:41s)
UFBoot trees printed to /home/vanwper/nobackup/autodelete/neomex/analysis/phylogeny/rooted_graft.ufboot

Computing bootstrap consensus tree...
Reading input file /home/vanwper/nobackup/autodelete/neomex/analysis/phylogeny/rooted_graft.splits.nex...
10 taxa and 17 splits.
Consensus tree written to /home/vanwper/nobackup/autodelete/neomex/analysis/phylogeny/rooted_graft.contree
Reading input trees file /home/vanwper/nobackup/autodelete/neomex/analysis/phylogeny/rooted_graft.contree
Log-likelihood of consensus tree: -8417720.678

Analysis results written to: 
  IQ-TREE report:                /home/vanwper/nobackup/autodelete/neomex/analysis/phylogeny/rooted_graft.iqtree
  Maximum-likelihood tree:       /home/vanwper/nobackup/autodelete/neomex/analysis/phylogeny/rooted_graft.treefile
  Likelihood distances:          /home/vanwper/nobackup/autodelete/neomex/analysis/phylogeny/rooted_graft.mldist

Ultrafast bootstrap approximation results written to:
  Split support values:          /home/vanwper/nobackup/autodelete/neomex/analysis/phylogeny/rooted_graft.splits.nex
  Consensus tree:                /home/vanwper/nobackup/autodelete/neomex/analysis/phylogeny/rooted_graft.contree
  UFBoot trees:                  /home/vanwper/nobackup/autodelete/neomex/analysis/phylogeny/rooted_graft.ufboot
  Screen log file:               /home/vanwper/nobackup/autodelete/neomex/analysis/phylogeny/rooted_graft.log

Date and Time: Fri Jul 24 08:14:20 2026
IQ-TREE version 3.1.2 for Linux x86 64-bit built May 17 2026
Developed by Bui Quang Minh, Thomas Wong, Nhan Ly-Trong, Huaiyan Ren
Contributed by Lam-Tung Nguyen, Dominik Schrempf, Chris Bielow,
Olga Chernomor, Michael Woodhams, Diep Thi Hoang, Heiko Schmidt

Host:    m8-20-4 (AVX2, FMA3, 125 GB RAM)
Command: iqtree3 -s /home/vanwper/nobackup/autodelete/neomex/analysis/phylogeny/rooted_host.fasta -m MFP -bb 1000 -bnni -T AUTO --redo -o a_arizonae -pre /home/vanwper/nobackup/autodelete/neomex/analysis/phylogeny/rooted_host
Seed:    755157 (Using SPRNG - Scalable Parallel Random Number Generator)
Time:    Fri Jul 24 08:14:26 2026
Kernel:  AVX+FMA - auto-detect threads (8 CPU cores detected)

Reading alignment file /home/vanwper/nobackup/autodelete/neomex/analysis/phylogeny/rooted_host.fasta ... Fasta format detected
Reading fasta file: done in 0.944892 secs using 86.5% CPU
Alignment most likely contains DNA/RNA sequences
Constructing alignment: done in 5.3702 secs using 59.37% CPU
Alignment has 10 sequences with 5604170 columns, 10787 distinct patterns
134011 parsimony-informative, 5470158 singleton sites, 1 constant sites
            Gap/Ambiguity  Composition  p-value
Analyzing sequences: done in 0.000495911 secs using 94.78% CPU
   1  7888          0.03%    passed     57.92%
   2  7890          0.29%    passed     83.20%
   3  7891          0.18%    passed     79.99%
   4  7892          0.16%    passed     73.46%
   5  7893          0.14%    passed     77.17%
   6  7894          0.17%    passed     65.48%
   7  7895          0.28%    passed     88.04%
   8  7896          0.21%    passed     92.44%
   9  7897          0.19%    passed     83.37%
  10  a_arizonae    0.00%    failed      0.22%
****  TOTAL         0.16%  1 sequences failed composition chi2 test (p-value<5%; df=3)
NOTE: minimal branch length is reduced to 0.000000017844 for long alignment
Checking for duplicate sequences: done in 0.000568867 secs using 58.36% CPU


Create initial parsimony tree by phylogenetic likelihood library (PLL)... 1.500 seconds
Measuring multi-threading efficiency up to 8 CPU cores
Increase to 10 rounds for branch lengths
11 trees examined
Threads: 1 / Time: 8.765 sec / Speedup: 1.000 / Efficiency: 100% / LogL: -17025842
Threads: 2 / Time: 0.926 sec / Speedup: 9.464 / Efficiency: 473% / LogL: -17025842
Threads: 3 / Time: 0.631 sec / Speedup: 13.890 / Efficiency: 463% / LogL: -17025842
Threads: 4 / Time: 0.497 sec / Speedup: 17.617 / Efficiency: 440% / LogL: -17025842
Threads: 5 / Time: 0.431 sec / Speedup: 20.320 / Efficiency: 406% / LogL: -17025842
Threads: 6 / Time: 0.360 sec / Speedup: 24.334 / Efficiency: 406% / LogL: -17025842
Threads: 7 / Time: 0.312 sec / Speedup: 28.129 / Efficiency: 402% / LogL: -17025842
Threads: 8 / Time: 0.283 sec / Speedup: 30.978 / Efficiency: 387% / LogL: -17025842
Determining AUTO threadcount: done in 12.2102 secs using 172.3% CPU
BEST NUMBER OF THREADS: 8

Perform fast likelihood tree search using GTR+I+G model...
Estimate model parameters (epsilon = 5.000)
Perform nearest neighbor interchange...
Estimate model parameters (epsilon = 1.000)
1. Initial log-likelihood: -16322389.154
2. Current log-likelihood: -16322387.478
3. Current log-likelihood: -16322385.542
Optimal log-likelihood: -16322384.296
Rate parameters:  A-C: 1.10005  A-G: 12.25836  A-T: 1.46465  C-G: 0.86080  C-T: 12.25647  G-T: 1.00000
Base frequencies:  A: 0.254  C: 0.246  G: 0.246  T: 0.254
Proportion of invariable sites: 0.000
Gamma shape alpha: 998.513
Parameters optimization took 3 rounds (0.069 sec)
Time for fast ML tree search: 0.861 seconds

NOTE: ModelFinder requires 76 MB RAM!
ModelFinder will test up to 968 DNA models (sample size: 5604170 epsilon: 0.100) ...
 No. Model         -LnL         df  AIC          AICc         BIC
  1  JC            16633974.230 17  33267982.459 33267982.459 33268212.623
  2  JC+I          16633975.230 18  33267986.459 33267986.459 33268230.162
  3  JC+G4         16633052.603 18  33266141.206 33266141.206 33266384.909
  4  JC+I+G4       16633052.603 19  33266143.206 33266143.206 33266400.448
  5  JC+R2         16630874.010 19  33261786.021 33261786.021 33262043.262
  6  JC+R3         16626446.209 21  33252934.419 33252934.419 33253218.738
  7  JC+R4         16625982.729 23  33252011.459 33252011.459 33252322.856
  8  JC+R5         16625943.693 25  33251937.386 33251937.386 33252275.862
  9  JC+R6         16625871.280 27  33251796.560 33251796.561 33252162.114
 10  JC+R7         16625576.032 29  33251210.064 33251210.064 33251602.695
 11  JC+R8         16625300.854 31  33250663.708 33250663.709 33251083.418
 12  JC+R9         16625075.874 33  33250217.748 33250217.748 33250664.535
 13  JC+R10        16624904.487 35  33249878.974 33249878.974 33250352.840
 14  JC+I+R2       16630874.002 20  33261788.004 33261788.004 33262058.784
 15  JC+I+R3       16626445.967 22  33252935.933 33252935.933 33253233.792
 16  JC+I+R4       16625982.552 24  33252013.104 33252013.104 33252338.041
 17  JC+I+R5       16625943.533 26  33251939.067 33251939.067 33252291.081
 18  JC+I+R6       16625871.055 28  33251798.110 33251798.110 33252177.202
 19  JC+I+R7       16625575.803 30  33251211.606 33251211.606 33251617.777
 20  JC+I+R8       16625300.639 32  33250665.278 33250665.278 33251098.526
 21  JC+I+R9       16625075.675 34  33250219.350 33250219.351 33250679.677
 22  JC+I+R10      16624904.304 36  33249880.608 33249880.608 33250368.013
 35  JC+R10        16624904.490 35  33249878.980 33249878.980 33250352.846
 57  F81+R10       16624752.252 35  33249574.504 33249574.504 33250048.369
 79  F81+F+R10     16623226.368 38  33246528.735 33246528.736 33247043.218
101  K2P+R10       16315928.972 36  32631929.945 32631929.945 32632417.349
123  K2P+R10       16315928.970 36  32631929.940 32631929.940 32632417.345
145  HKY+R10       16309466.106 36  32619004.212 32619004.212 32619491.617
167  HKY+F+R10     16314410.306 39  32628898.611 32628898.612 32629426.633
189  TNe+R10       16309433.313 37  32618940.626 32618940.627 32619441.570
211  TNe+R10       16309433.310 37  32618940.620 32618940.621 32619441.564
233  TN+R10        16304076.676 37  32608227.352 32608227.353 32608728.296
255  TN+F+R10      16307941.857 40  32615963.714 32615963.715 32616505.275
277  K3P+R10       16304097.344 37  32608268.687 32608268.688 32608769.631
299  K3P+R10       16304097.340 37  32608268.680 32608268.681 32608769.624
321  K3Pu+R10      16300107.733 37  32600289.465 32600289.466 32600790.409
343  K3Pu+F+R10    16295692.511 40  32591465.022 32591465.023 32592006.583
365  TPM2+R10      16303066.625 37  32606207.249 32606207.250 32606708.193
387  TPM2+R10      16303066.620 37  32606207.240 32606207.241 32606708.184
409  TPM2u+R10     16299086.327 37  32598246.655 32598246.655 32598747.599
431  TPM2u+F+R10   16294799.159 40  32589678.318 32589678.319 32590219.879
453  TPM3+R10      16303153.079 37  32606380.157 32606380.158 32606881.101
475  TPM3+R10      16303153.080 37  32606380.160 32606380.161 32606881.104
497  TPM3u+R10     16299171.141 37  32598416.282 32598416.283 32598917.226
519  TPM3u+F+R10   16294865.215 40  32589810.429 32589810.430 32590351.990
541  TIMe+R10      16295360.763 38  32590797.526 32590797.526 32591312.008
563  TIMe+R10      16295360.760 38  32590797.520 32590797.521 32591312.003
585  TIM+R10       16294293.220 38  32588662.441 32588662.441 32589176.923
607  TIM+F+R10     16293840.483 41  32587762.966 32587762.967 32588318.066
629  TIM2e+R10     16293309.255 38  32586694.509 32586694.510 32587208.992
651  TIM2e+R10     16293309.250 38  32586694.500 32586694.501 32587208.983
673  TIM2+R10      16292694.272 38  32585464.544 32585464.544 32585979.027
695  TIM2+F+R10    16292962.138 41  32586006.275 32586006.276 32586561.375
717  TIM3e+R10     16293396.155 38  32586868.310 32586868.311 32587382.793
739  TIM3e+R10     16293396.160 38  32586868.320 32586868.321 32587382.803
761  TIM3+R10      16292783.835 38  32585643.669 32585643.670 32586158.152
783  TIM3+F+R10    16293028.915 41  32586139.829 32586139.830 32586694.929
805  TVMe+R10      16292407.265 39  32584892.530 32584892.530 32585420.552
827  TVMe+R10      16292407.260 39  32584892.520 32584892.521 32585420.542
849  TVM+R10       16291815.458 39  32583708.915 32583708.916 32584236.937
871  TVM+F+R10     16292127.217 42  32584338.433 32584338.434 32584907.072
893  SYM+R10       16291454.274 40  32582988.548 32582988.549 32583530.109
915  SYM+R10       16291454.270 40  32582988.540 32582988.541 32583530.101
937  GTR+R10       16291270.227 40  32582620.455 32582620.455 32583162.015
959  GTR+F+R10     16291086.010 43  32582258.021 32582258.022 32582840.199
Akaike Information Criterion:           GTR+F+R10
Corrected Akaike Information Criterion: GTR+F+R10
Bayesian Information Criterion:         GTR+F+R10
Best-fit model: GTR+F+R10 chosen according to BIC

All model information printed to /home/vanwper/nobackup/autodelete/neomex/analysis/phylogeny/rooted_host.model.gz
CPU time for ModelFinder: 2329.456 seconds (0h:38m:49s)
Wall-clock time for ModelFinder: 308.587 seconds (0h:5m:8s)
Generating 1000 samples for ultrafast bootstrap (seed: 755157)...

NOTE: 76 MB RAM (0 GB) is required!
Estimate model parameters (epsilon = 0.100)
1. Initial log-likelihood: -16291086.010
2. Current log-likelihood: -16291078.037
3. Current log-likelihood: -16291070.084
4. Current log-likelihood: -16291062.173
5. Current log-likelihood: -16291054.303
6. Current log-likelihood: -16291046.473
7. Current log-likelihood: -16291038.686
8. Current log-likelihood: -16291030.940
9. Current log-likelihood: -16291023.238
10. Current log-likelihood: -16291015.623
11. Current log-likelihood: -16291007.845
12. Current log-likelihood: -16291000.272
13. Current log-likelihood: -16290992.722
14. Current log-likelihood: -16290985.210
15. Current log-likelihood: -16290977.738
16. Current log-likelihood: -16290970.306
17. Current log-likelihood: -16290962.916
18. Current log-likelihood: -16290955.601
19. Current log-likelihood: -16290948.143
20. Current log-likelihood: -16290940.873
21. Current log-likelihood: -16290933.625
22. Current log-likelihood: -16290926.415
23. Current log-likelihood: -16290919.243
24. Current log-likelihood: -16290912.114
25. Current log-likelihood: -16290905.055
26. Current log-likelihood: -16290897.845
27. Current log-likelihood: -16290890.830
28. Current log-likelihood: -16290883.834
29. Current log-likelihood: -16290876.875
30. Current log-likelihood: -16290869.953
31. Current log-likelihood: -16290863.078
32. Current log-likelihood: -16290856.416
33. Current log-likelihood: -16290849.401
34. Current log-likelihood: -16290842.571
35. Current log-likelihood: -16290835.793
36. Current log-likelihood: -16290829.089
37. Current log-likelihood: -16290822.594
38. Current log-likelihood: -16290815.689
39. Current log-likelihood: -16290809.056
40. Current log-likelihood: -16290802.464
41. Current log-likelihood: -16290795.966
42. Current log-likelihood: -16290789.238
43. Current log-likelihood: -16290782.769
44. Current log-likelihood: -16290776.304
45. Current log-likelihood: -16290769.868
46. Current log-likelihood: -16290763.462
47. Current log-likelihood: -16290757.088
48. Current log-likelihood: -16290750.744
49. Current log-likelihood: -16290744.434
50. Current log-likelihood: -16290738.162
51. Current log-likelihood: -16290731.984
52. Current log-likelihood: -16290725.638
53. Current log-likelihood: -16290719.465
54. Current log-likelihood: -16290713.368
55. Current log-likelihood: -16290707.120
56. Current log-likelihood: -16290701.039
57. Current log-likelihood: -16290695.081
58. Current log-likelihood: -16290688.877
59. Current log-likelihood: -16290682.925
60. Current log-likelihood: -16290676.819
61. Current log-likelihood: -16290670.863
62. Current log-likelihood: -16290664.927
63. Current log-likelihood: -16290659.026
64. Current log-likelihood: -16290653.190
65. Current log-likelihood: -16290647.177
66. Current log-likelihood: -16290641.372
67. Current log-likelihood: -16290635.574
68. Current log-likelihood: -16290629.803
69. Current log-likelihood: -16290624.058
70. Current log-likelihood: -16290618.341
71. Current log-likelihood: -16290612.655
72. Current log-likelihood: -16290607.018
73. Current log-likelihood: -16290601.250
74. Current log-likelihood: -16290595.652
75. Current log-likelihood: -16290590.064
76. Current log-likelihood: -16290584.502
77. Current log-likelihood: -16290578.966
78. Current log-likelihood: -16290573.458
79. Current log-likelihood: -16290568.016
80. Current log-likelihood: -16290562.414
81. Current log-likelihood: -16290556.993
82. Current log-likelihood: -16290551.581
83. Current log-likelihood: -16290546.192
84. Current log-likelihood: -16290540.827
85. Current log-likelihood: -16290535.496
86. Current log-likelihood: -16290532.368
87. Current log-likelihood: -16290527.108
88. Current log-likelihood: -16290523.888
89. Current log-likelihood: -16290518.640
90. Current log-likelihood: -16290515.607
91. Current log-likelihood: -16290512.421
92. Current log-likelihood: -16290507.207
93. Current log-likelihood: -16290503.688
94. Current log-likelihood: -16290498.902
95. Current log-likelihood: -16290495.228
96. Current log-likelihood: -16290490.150
97. Current log-likelihood: -16290486.241
98. Current log-likelihood: -16290481.880
99. Current log-likelihood: -16290478.314
Optimal log-likelihood: -16290478.314
Rate parameters:  A-C: 1.00623  A-G: 11.47392  A-T: 1.32037  C-G: 0.76552  C-T: 11.47968  G-T: 1.00000
Base frequencies:  A: 0.254  C: 0.246  G: 0.246  T: 0.254
Site proportion and rates:  (0.106,0.590) (0.107,0.590) (0.104,0.590) (0.109,0.590) (0.106,0.590) (0.108,0.590) (0.121,0.590) (0.104,0.590) (0.133,0.590) (0.002,230.638)
Parameters optimization took 99 rounds (8.619 sec)
Wrote distance file to... 
Computing ML distances based on estimated model parameters...
Calculating distance matrix: done in 0.000857115 secs using 811.3% CPU
Computing ML distances took 0.001297 sec (of wall-clock time) 0.010361 sec (of CPU time)
Setting up auxiliary I and S matrices: done in 7.20024e-05 secs using 843% CPU
Constructing RapidNJ tree: done in 0.000315905 secs using 778.1% CPU
Computing RapidNJ tree took 0.000447 sec (of wall-clock time) 0.003520 sec (of CPU time)
Log-likelihood of RapidNJ tree: -16324951.293
--------------------------------------------------------------------
|             INITIALIZING CANDIDATE TREE SET                      |
--------------------------------------------------------------------
Generating 98 parsimony trees... 267.951 second
Computing log-likelihood of 82 initial trees ... 0.979 seconds
Current best score: -16290478.314

Do NNI search on 20 best initial trees
Estimate model parameters (epsilon = 0.100)
BETTER TREE FOUND at iteration 1: -16290113.423
Estimate model parameters (epsilon = 0.100)
UPDATE BEST LOG-LIKELIHOOD: -16289924.401
Iteration 10 / LogL: -16289925.390 / Time: 0h:10m:6s
Estimate model parameters (epsilon = 0.100)
UPDATE BEST LOG-LIKELIHOOD: -16289781.706
Iteration 20 / LogL: -16289781.706 / Time: 0h:10m:16s
Finish initializing candidate tree set (2)
Current best tree score: -16289781.706 / CPU time: 298.176
Number of iterations: 20
--------------------------------------------------------------------
|               OPTIMIZING CANDIDATE TREE SET                      |
--------------------------------------------------------------------
Estimate model parameters (epsilon = 0.100)
UPDATE BEST LOG-LIKELIHOOD: -16289653.585
Iteration 30 / LogL: -16293285.972 / Time: 0h:10m:26s (0h:12m:58s left)
Iteration 40 / LogL: -16302787.903 / Time: 0h:10m:27s (0h:8m:19s left)
Iteration 50 / LogL: -16302071.022 / Time: 0h:10m:29s (0h:5m:33s left)
Estimate model parameters (epsilon = 0.100)
UPDATE BEST LOG-LIKELIHOOD: -16289539.835
Iteration 60 / LogL: -16302704.602 / Time: 0h:10m:38s (0h:3m:49s left)
Iteration 70 / LogL: -16302702.066 / Time: 0h:10m:39s (0h:2m:28s left)
Estimate model parameters (epsilon = 0.100)
UPDATE BEST LOG-LIKELIHOOD: -16289440.692
Estimate model parameters (epsilon = 0.100)
UPDATE BEST LOG-LIKELIHOOD: -16289356.089
Estimate model parameters (epsilon = 0.100)
UPDATE BEST LOG-LIKELIHOOD: -16289287.148
Iteration 80 / LogL: -16289287.148 / Time: 0h:11m:6s (0h:1m:35s left)
Iteration 90 / LogL: -16302815.045 / Time: 0h:11m:8s (0h:0m:44s left)
Estimate model parameters (epsilon = 0.100)
UPDATE BEST LOG-LIKELIHOOD: -16289252.563
Iteration 100 / LogL: -16289253.314 / Time: 0h:11m:17s (0h:0m:3s left)
Refining ufboot trees with NNI 1 branch...
100 samples done
200 samples done
300 samples done
400 samples done
